I'm sorry, but errors were detected in your script. Please correct the
errors listed below, and try again.


File "game/script.rpy", line 14: expected ':' not found.
    transform bg_resolution
                           ^

Ren'Py Version: Ren'Py 8.0.3.22090809
Thu Sep 29 17:20:52 2022
